============================= test session starts =============================
platform win32 -- Python 3.13.5, pytest-8.4.2, pluggy-1.6.0
rootdir: C:\Users\agustin.bouzon\Documents\Build_AuditorIA-Enviroment\External-API-Service
plugins: anyio-4.11.0, langsmith-0.4.45, asyncio-1.3.0, cov-4.1.0
asyncio: mode=Mode.STRICT, debug=False, asyncio_default_fixture_loop_scope=None, asyncio_default_test_loop_scope=function
collected 6 items

tests\test_tasks.py FFFFFF                                               [100%]

================================== FAILURES ===================================
____________________________ test_list_tasks_empty ____________________________

self = <sqlalchemy.sql.elements.BinaryExpression object at 0x000002B25CDAD5B0>
key = 'astext'

    def __getattr__(self, key: str) -> Any:
        try:
>           return getattr(self.comparator, key)
                   ^^^^^^^^^^^^^^^^^^^^^^^^^^^^^
E           AttributeError: 'Comparator' object has no attribute 'astext'

..\..\..\AppData\Roaming\Python\Python313\site-packages\sqlalchemy\sql\elements.py:1517: AttributeError

The above exception was the direct cause of the following exception:

client = <starlette.testclient.TestClient object at 0x000002B208793620>
db_session = <sqlalchemy.orm.session.Session object at 0x000002B208792510>

    def test_list_tasks_empty(client: TestClient, db_session: Session):
>       response = client.get("/tasks/")
                   ^^^^^^^^^^^^^^^^^^^^^

tests\test_tasks.py:8: 
_ _ _ _ _ _ _ _ _ _ _ _ _ _ _ _ _ _ _ _ _ _ _ _ _ _ _ _ _ _ _ _ _ _ _ _ _ _ _ _
..\..\..\AppData\Roaming\Python\Python313\site-packages\starlette\testclient.py:479: in get
    return super().get(
..\..\..\AppData\Roaming\Python\Python313\site-packages\httpx\_client.py:1053: in get
    return self.request(
..\..\..\AppData\Roaming\Python\Python313\site-packages\starlette\testclient.py:451: in request
    return super().request(
..\..\..\AppData\Roaming\Python\Python313\site-packages\httpx\_client.py:825: in request
    return self.send(request, auth=auth, follow_redirects=follow_redirects)
           ^^^^^^^^^^^^^^^^^^^^^^^^^^^^^^^^^^^^^^^^^^^^^^^^^^^^^^^^^^^^^^^^
..\..\..\AppData\Roaming\Python\Python313\site-packages\httpx\_client.py:914: in send
    response = self._send_handling_auth(
..\..\..\AppData\Roaming\Python\Python313\site-packages\httpx\_client.py:942: in _send_handling_auth
    response = self._send_handling_redirects(
..\..\..\AppData\Roaming\Python\Python313\site-packages\httpx\_client.py:979: in _send_handling_redirects
    response = self._send_single_request(request)
               ^^^^^^^^^^^^^^^^^^^^^^^^^^^^^^^^^^
..\..\..\AppData\Roaming\Python\Python313\site-packages\httpx\_client.py:1014: in _send_single_request
    response = transport.handle_request(request)
               ^^^^^^^^^^^^^^^^^^^^^^^^^^^^^^^^^
..\..\..\AppData\Roaming\Python\Python313\site-packages\starlette\testclient.py:354: in handle_request
    raise exc
..\..\..\AppData\Roaming\Python\Python313\site-packages\starlette\testclient.py:351: in handle_request
    portal.call(self.app, scope, receive, send)
..\..\..\AppData\Roaming\Python\Python313\site-packages\anyio\from_thread.py:321: in call
    return cast(T_Retval, self.start_task_soon(func, *args).result())
                          ^^^^^^^^^^^^^^^^^^^^^^^^^^^^^^^^^^^^^^^^^^
C:\Python313\Lib\concurrent\futures\_base.py:456: in result
    return self.__get_result()
           ^^^^^^^^^^^^^^^^^^^
C:\Python313\Lib\concurrent\futures\_base.py:401: in __get_result
    raise self._exception
..\..\..\AppData\Roaming\Python\Python313\site-packages\anyio\from_thread.py:252: in _call_func
    retval = await retval_or_awaitable
             ^^^^^^^^^^^^^^^^^^^^^^^^^
..\..\..\AppData\Roaming\Python\Python313\site-packages\fastapi\applications.py:1133: in __call__
    await super().__call__(scope, receive, send)
..\..\..\AppData\Roaming\Python\Python313\site-packages\starlette\applications.py:113: in __call__
    await self.middleware_stack(scope, receive, send)
..\..\..\AppData\Roaming\Python\Python313\site-packages\starlette\middleware\errors.py:186: in __call__
    raise exc
..\..\..\AppData\Roaming\Python\Python313\site-packages\starlette\middleware\errors.py:164: in __call__
    await self.app(scope, receive, _send)
..\..\..\AppData\Roaming\Python\Python313\site-packages\starlette\middleware\cors.py:85: in __call__
    await self.app(scope, receive, send)
..\..\..\AppData\Roaming\Python\Python313\site-packages\starlette\middleware\base.py:182: in __call__
    with recv_stream, send_stream, collapse_excgroups():
                                   ^^^^^^^^^^^^^^^^^^^^
C:\Python313\Lib\contextlib.py:162: in __exit__
    self.gen.throw(value)
..\..\..\AppData\Roaming\Python\Python313\site-packages\starlette\_utils.py:85: in collapse_excgroups
    raise exc
..\..\..\AppData\Roaming\Python\Python313\site-packages\starlette\middleware\base.py:184: in __call__
    response = await self.dispatch_func(request, call_next)
               ^^^^^^^^^^^^^^^^^^^^^^^^^^^^^^^^^^^^^^^^^^^^
..\..\..\AppData\Roaming\Python\Python313\site-packages\slowapi\middleware.py:136: in dispatch
    response = await call_next(request)
               ^^^^^^^^^^^^^^^^^^^^^^^^
..\..\..\AppData\Roaming\Python\Python313\site-packages\starlette\middleware\base.py:159: in call_next
    raise app_exc
..\..\..\AppData\Roaming\Python\Python313\site-packages\starlette\middleware\base.py:144: in coro
    await self.app(scope, receive_or_disconnect, send_no_error)
..\..\..\AppData\Roaming\Python\Python313\site-packages\starlette\middleware\exceptions.py:63: in __call__
    await wrap_app_handling_exceptions(self.app, conn)(scope, receive, send)
..\..\..\AppData\Roaming\Python\Python313\site-packages\starlette\_exception_handler.py:53: in wrapped_app
    raise exc
..\..\..\AppData\Roaming\Python\Python313\site-packages\starlette\_exception_handler.py:42: in wrapped_app
    await app(scope, receive, sender)
..\..\..\AppData\Roaming\Python\Python313\site-packages\fastapi\middleware\asyncexitstack.py:18: in __call__
    await self.app(scope, receive, send)
..\..\..\AppData\Roaming\Python\Python313\site-packages\starlette\routing.py:716: in __call__
    await self.middleware_stack(scope, receive, send)
..\..\..\AppData\Roaming\Python\Python313\site-packages\starlette\routing.py:736: in app
    await route.handle(scope, receive, send)
..\..\..\AppData\Roaming\Python\Python313\site-packages\starlette\routing.py:290: in handle
    await self.app(scope, receive, send)
..\..\..\AppData\Roaming\Python\Python313\site-packages\fastapi\routing.py:123: in app
    await wrap_app_handling_exceptions(app, request)(scope, receive, send)
..\..\..\AppData\Roaming\Python\Python313\site-packages\starlette\_exception_handler.py:53: in wrapped_app
    raise exc
..\..\..\AppData\Roaming\Python\Python313\site-packages\starlette\_exception_handler.py:42: in wrapped_app
    await app(scope, receive, sender)
..\..\..\AppData\Roaming\Python\Python313\site-packages\fastapi\routing.py:109: in app
    response = await f(request)
               ^^^^^^^^^^^^^^^^
..\..\..\AppData\Roaming\Python\Python313\site-packages\fastapi\routing.py:387: in app
    raw_response = await run_endpoint_function(
..\..\..\AppData\Roaming\Python\Python313\site-packages\fastapi\routing.py:290: in run_endpoint_function
    return await run_in_threadpool(dependant.call, **values)
           ^^^^^^^^^^^^^^^^^^^^^^^^^^^^^^^^^^^^^^^^^^^^^^^^^
..\..\..\AppData\Roaming\Python\Python313\site-packages\starlette\concurrency.py:38: in run_in_threadpool
    return await anyio.to_thread.run_sync(func)
           ^^^^^^^^^^^^^^^^^^^^^^^^^^^^^^^^^^^^
..\..\..\AppData\Roaming\Python\Python313\site-packages\anyio\to_thread.py:56: in run_sync
    return await get_async_backend().run_sync_in_worker_thread(
..\..\..\AppData\Roaming\Python\Python313\site-packages\anyio\_backends\_asyncio.py:2485: in run_sync_in_worker_thread
    return await future
           ^^^^^^^^^^^^
..\..\..\AppData\Roaming\Python\Python313\site-packages\anyio\_backends\_asyncio.py:976: in run
    result = context.run(func, *args)
             ^^^^^^^^^^^^^^^^^^^^^^^^
..\..\..\AppData\Roaming\Python\Python313\site-packages\slowapi\extension.py:766: in sync_wrapper
    response = func(*args, **kwargs)
               ^^^^^^^^^^^^^^^^^^^^^
app\routers\tasks.py:34: in list_tasks
    Task.task_params['api_key_id'].astext == str(api_key.id)
    ^^^^^^^^^^^^^^^^^^^^^^^^^^^^^^^^^^^^^
_ _ _ _ _ _ _ _ _ _ _ _ _ _ _ _ _ _ _ _ _ _ _ _ _ _ _ _ _ _ _ _ _ _ _ _ _ _ _ _

self = <sqlalchemy.sql.elements.BinaryExpression object at 0x000002B25CDAD5B0>
key = 'astext'

    def __getattr__(self, key: str) -> Any:
        try:
            return getattr(self.comparator, key)
        except AttributeError as err:
>           raise AttributeError(
                "Neither %r object nor %r object has an attribute %r"
                % (
                    type(self).__name__,
                    type(self.comparator).__name__,
                    key,
                )
            ) from err
E           AttributeError: Neither 'BinaryExpression' object nor 'Comparator' object has an attribute 'astext'

..\..\..\AppData\Roaming\Python\Python313\site-packages\sqlalchemy\sql\elements.py:1519: AttributeError
__________________________ test_list_tasks_with_data __________________________

self = <sqlalchemy.sql.elements.BinaryExpression object at 0x000002B208A65F30>
key = 'astext'

    def __getattr__(self, key: str) -> Any:
        try:
>           return getattr(self.comparator, key)
                   ^^^^^^^^^^^^^^^^^^^^^^^^^^^^^
E           AttributeError: 'Comparator' object has no attribute 'astext'

..\..\..\AppData\Roaming\Python\Python313\site-packages\sqlalchemy\sql\elements.py:1517: AttributeError

The above exception was the direct cause of the following exception:

client = <starlette.testclient.TestClient object at 0x000002B20887F750>
db_session = <sqlalchemy.orm.session.Session object at 0x000002B20887CCD0>

    def test_list_tasks_with_data(client: TestClient, db_session: Session):
        # Get the mock API key created in conftest
        api_key = db_session.query(GlobalApiKey).first()
    
        # Create a task linked to this API key
        task_uuid = str(uuid.uuid4())
        task_params = {"api_key_id": api_key.id, "some_param": "test"}
    
        task = Task(
            uuid=task_uuid,
            status="completed",
            task_type="transcription",
            file_name="test_audio.mp3",
            language="es",
            audio_duration=120.5,
            task_params=task_params
        )
        db_session.add(task)
        db_session.commit()
    
>       response = client.get("/tasks/")
                   ^^^^^^^^^^^^^^^^^^^^^

tests\test_tasks.py:34: 
_ _ _ _ _ _ _ _ _ _ _ _ _ _ _ _ _ _ _ _ _ _ _ _ _ _ _ _ _ _ _ _ _ _ _ _ _ _ _ _
..\..\..\AppData\Roaming\Python\Python313\site-packages\starlette\testclient.py:479: in get
    return super().get(
..\..\..\AppData\Roaming\Python\Python313\site-packages\httpx\_client.py:1053: in get
    return self.request(
..\..\..\AppData\Roaming\Python\Python313\site-packages\starlette\testclient.py:451: in request
    return super().request(
..\..\..\AppData\Roaming\Python\Python313\site-packages\httpx\_client.py:825: in request
    return self.send(request, auth=auth, follow_redirects=follow_redirects)
           ^^^^^^^^^^^^^^^^^^^^^^^^^^^^^^^^^^^^^^^^^^^^^^^^^^^^^^^^^^^^^^^^
..\..\..\AppData\Roaming\Python\Python313\site-packages\httpx\_client.py:914: in send
    response = self._send_handling_auth(
..\..\..\AppData\Roaming\Python\Python313\site-packages\httpx\_client.py:942: in _send_handling_auth
    response = self._send_handling_redirects(
..\..\..\AppData\Roaming\Python\Python313\site-packages\httpx\_client.py:979: in _send_handling_redirects
    response = self._send_single_request(request)
               ^^^^^^^^^^^^^^^^^^^^^^^^^^^^^^^^^^
..\..\..\AppData\Roaming\Python\Python313\site-packages\httpx\_client.py:1014: in _send_single_request
    response = transport.handle_request(request)
               ^^^^^^^^^^^^^^^^^^^^^^^^^^^^^^^^^
..\..\..\AppData\Roaming\Python\Python313\site-packages\starlette\testclient.py:354: in handle_request
    raise exc
..\..\..\AppData\Roaming\Python\Python313\site-packages\starlette\testclient.py:351: in handle_request
    portal.call(self.app, scope, receive, send)
..\..\..\AppData\Roaming\Python\Python313\site-packages\anyio\from_thread.py:321: in call
    return cast(T_Retval, self.start_task_soon(func, *args).result())
                          ^^^^^^^^^^^^^^^^^^^^^^^^^^^^^^^^^^^^^^^^^^
C:\Python313\Lib\concurrent\futures\_base.py:456: in result
    return self.__get_result()
           ^^^^^^^^^^^^^^^^^^^
C:\Python313\Lib\concurrent\futures\_base.py:401: in __get_result
    raise self._exception
..\..\..\AppData\Roaming\Python\Python313\site-packages\anyio\from_thread.py:252: in _call_func
    retval = await retval_or_awaitable
             ^^^^^^^^^^^^^^^^^^^^^^^^^
..\..\..\AppData\Roaming\Python\Python313\site-packages\fastapi\applications.py:1133: in __call__
    await super().__call__(scope, receive, send)
..\..\..\AppData\Roaming\Python\Python313\site-packages\starlette\applications.py:113: in __call__
    await self.middleware_stack(scope, receive, send)
..\..\..\AppData\Roaming\Python\Python313\site-packages\starlette\middleware\errors.py:186: in __call__
    raise exc
..\..\..\AppData\Roaming\Python\Python313\site-packages\starlette\middleware\errors.py:164: in __call__
    await self.app(scope, receive, _send)
..\..\..\AppData\Roaming\Python\Python313\site-packages\starlette\middleware\cors.py:85: in __call__
    await self.app(scope, receive, send)
..\..\..\AppData\Roaming\Python\Python313\site-packages\starlette\middleware\base.py:182: in __call__
    with recv_stream, send_stream, collapse_excgroups():
                                   ^^^^^^^^^^^^^^^^^^^^
C:\Python313\Lib\contextlib.py:162: in __exit__
    self.gen.throw(value)
..\..\..\AppData\Roaming\Python\Python313\site-packages\starlette\_utils.py:85: in collapse_excgroups
    raise exc
..\..\..\AppData\Roaming\Python\Python313\site-packages\starlette\middleware\base.py:184: in __call__
    response = await self.dispatch_func(request, call_next)
               ^^^^^^^^^^^^^^^^^^^^^^^^^^^^^^^^^^^^^^^^^^^^
..\..\..\AppData\Roaming\Python\Python313\site-packages\slowapi\middleware.py:136: in dispatch
    response = await call_next(request)
               ^^^^^^^^^^^^^^^^^^^^^^^^
..\..\..\AppData\Roaming\Python\Python313\site-packages\starlette\middleware\base.py:159: in call_next
    raise app_exc
..\..\..\AppData\Roaming\Python\Python313\site-packages\starlette\middleware\base.py:144: in coro
    await self.app(scope, receive_or_disconnect, send_no_error)
..\..\..\AppData\Roaming\Python\Python313\site-packages\starlette\middleware\exceptions.py:63: in __call__
    await wrap_app_handling_exceptions(self.app, conn)(scope, receive, send)
..\..\..\AppData\Roaming\Python\Python313\site-packages\starlette\_exception_handler.py:53: in wrapped_app
    raise exc
..\..\..\AppData\Roaming\Python\Python313\site-packages\starlette\_exception_handler.py:42: in wrapped_app
    await app(scope, receive, sender)
..\..\..\AppData\Roaming\Python\Python313\site-packages\fastapi\middleware\asyncexitstack.py:18: in __call__
    await self.app(scope, receive, send)
..\..\..\AppData\Roaming\Python\Python313\site-packages\starlette\routing.py:716: in __call__
    await self.middleware_stack(scope, receive, send)
..\..\..\AppData\Roaming\Python\Python313\site-packages\starlette\routing.py:736: in app
    await route.handle(scope, receive, send)
..\..\..\AppData\Roaming\Python\Python313\site-packages\starlette\routing.py:290: in handle
    await self.app(scope, receive, send)
..\..\..\AppData\Roaming\Python\Python313\site-packages\fastapi\routing.py:123: in app
    await wrap_app_handling_exceptions(app, request)(scope, receive, send)
..\..\..\AppData\Roaming\Python\Python313\site-packages\starlette\_exception_handler.py:53: in wrapped_app
    raise exc
..\..\..\AppData\Roaming\Python\Python313\site-packages\starlette\_exception_handler.py:42: in wrapped_app
    await app(scope, receive, sender)
..\..\..\AppData\Roaming\Python\Python313\site-packages\fastapi\routing.py:109: in app
    response = await f(request)
               ^^^^^^^^^^^^^^^^
..\..\..\AppData\Roaming\Python\Python313\site-packages\fastapi\routing.py:387: in app
    raw_response = await run_endpoint_function(
..\..\..\AppData\Roaming\Python\Python313\site-packages\fastapi\routing.py:290: in run_endpoint_function
    return await run_in_threadpool(dependant.call, **values)
           ^^^^^^^^^^^^^^^^^^^^^^^^^^^^^^^^^^^^^^^^^^^^^^^^^
..\..\..\AppData\Roaming\Python\Python313\site-packages\starlette\concurrency.py:38: in run_in_threadpool
    return await anyio.to_thread.run_sync(func)
           ^^^^^^^^^^^^^^^^^^^^^^^^^^^^^^^^^^^^
..\..\..\AppData\Roaming\Python\Python313\site-packages\anyio\to_thread.py:56: in run_sync
    return await get_async_backend().run_sync_in_worker_thread(
..\..\..\AppData\Roaming\Python\Python313\site-packages\anyio\_backends\_asyncio.py:2485: in run_sync_in_worker_thread
    return await future
           ^^^^^^^^^^^^
..\..\..\AppData\Roaming\Python\Python313\site-packages\anyio\_backends\_asyncio.py:976: in run
    result = context.run(func, *args)
             ^^^^^^^^^^^^^^^^^^^^^^^^
..\..\..\AppData\Roaming\Python\Python313\site-packages\slowapi\extension.py:766: in sync_wrapper
    response = func(*args, **kwargs)
               ^^^^^^^^^^^^^^^^^^^^^
app\routers\tasks.py:34: in list_tasks
    Task.task_params['api_key_id'].astext == str(api_key.id)
    ^^^^^^^^^^^^^^^^^^^^^^^^^^^^^^^^^^^^^
_ _ _ _ _ _ _ _ _ _ _ _ _ _ _ _ _ _ _ _ _ _ _ _ _ _ _ _ _ _ _ _ _ _ _ _ _ _ _ _

self = <sqlalchemy.sql.elements.BinaryExpression object at 0x000002B208A65F30>
key = 'astext'

    def __getattr__(self, key: str) -> Any:
        try:
            return getattr(self.comparator, key)
        except AttributeError as err:
>           raise AttributeError(
                "Neither %r object nor %r object has an attribute %r"
                % (
                    type(self).__name__,
                    type(self.comparator).__name__,
                    key,
                )
            ) from err
E           AttributeError: Neither 'BinaryExpression' object nor 'Comparator' object has an attribute 'astext'

..\..\..\AppData\Roaming\Python\Python313\site-packages\sqlalchemy\sql\elements.py:1519: AttributeError
____________________________ test_get_task_detail _____________________________

self = <sqlalchemy.sql.elements.BinaryExpression object at 0x000002B208A66650>
key = 'astext'

    def __getattr__(self, key: str) -> Any:
        try:
>           return getattr(self.comparator, key)
                   ^^^^^^^^^^^^^^^^^^^^^^^^^^^^^
E           AttributeError: 'Comparator' object has no attribute 'astext'

..\..\..\AppData\Roaming\Python\Python313\site-packages\sqlalchemy\sql\elements.py:1517: AttributeError

The above exception was the direct cause of the following exception:

client = <starlette.testclient.TestClient object at 0x000002B209D92710>
db_session = <sqlalchemy.orm.session.Session object at 0x000002B20887F4D0>

    def test_get_task_detail(client: TestClient, db_session: Session):
        api_key = db_session.query(GlobalApiKey).first()
        task_uuid = str(uuid.uuid4())
        task_params = {"api_key_id": api_key.id}
    
        task = Task(
            uuid=task_uuid,
            status="processing",
            task_type="transcription",
            file_name="detail_test.mp3",
            url="s3_path/detail_test.mp3",
            task_params=task_params
        )
        db_session.add(task)
        db_session.commit()
    
>       response = client.get(f"/tasks/{task_uuid}")
                   ^^^^^^^^^^^^^^^^^^^^^^^^^^^^^^^^^

tests\test_tasks.py:57: 
_ _ _ _ _ _ _ _ _ _ _ _ _ _ _ _ _ _ _ _ _ _ _ _ _ _ _ _ _ _ _ _ _ _ _ _ _ _ _ _
..\..\..\AppData\Roaming\Python\Python313\site-packages\starlette\testclient.py:479: in get
    return super().get(
..\..\..\AppData\Roaming\Python\Python313\site-packages\httpx\_client.py:1053: in get
    return self.request(
..\..\..\AppData\Roaming\Python\Python313\site-packages\starlette\testclient.py:451: in request
    return super().request(
..\..\..\AppData\Roaming\Python\Python313\site-packages\httpx\_client.py:825: in request
    return self.send(request, auth=auth, follow_redirects=follow_redirects)
           ^^^^^^^^^^^^^^^^^^^^^^^^^^^^^^^^^^^^^^^^^^^^^^^^^^^^^^^^^^^^^^^^
..\..\..\AppData\Roaming\Python\Python313\site-packages\httpx\_client.py:914: in send
    response = self._send_handling_auth(
..\..\..\AppData\Roaming\Python\Python313\site-packages\httpx\_client.py:942: in _send_handling_auth
    response = self._send_handling_redirects(
..\..\..\AppData\Roaming\Python\Python313\site-packages\httpx\_client.py:979: in _send_handling_redirects
    response = self._send_single_request(request)
               ^^^^^^^^^^^^^^^^^^^^^^^^^^^^^^^^^^
..\..\..\AppData\Roaming\Python\Python313\site-packages\httpx\_client.py:1014: in _send_single_request
    response = transport.handle_request(request)
               ^^^^^^^^^^^^^^^^^^^^^^^^^^^^^^^^^
..\..\..\AppData\Roaming\Python\Python313\site-packages\starlette\testclient.py:354: in handle_request
    raise exc
..\..\..\AppData\Roaming\Python\Python313\site-packages\starlette\testclient.py:351: in handle_request
    portal.call(self.app, scope, receive, send)
..\..\..\AppData\Roaming\Python\Python313\site-packages\anyio\from_thread.py:321: in call
    return cast(T_Retval, self.start_task_soon(func, *args).result())
                          ^^^^^^^^^^^^^^^^^^^^^^^^^^^^^^^^^^^^^^^^^^
C:\Python313\Lib\concurrent\futures\_base.py:456: in result
    return self.__get_result()
           ^^^^^^^^^^^^^^^^^^^
C:\Python313\Lib\concurrent\futures\_base.py:401: in __get_result
    raise self._exception
..\..\..\AppData\Roaming\Python\Python313\site-packages\anyio\from_thread.py:252: in _call_func
    retval = await retval_or_awaitable
             ^^^^^^^^^^^^^^^^^^^^^^^^^
..\..\..\AppData\Roaming\Python\Python313\site-packages\fastapi\applications.py:1133: in __call__
    await super().__call__(scope, receive, send)
..\..\..\AppData\Roaming\Python\Python313\site-packages\starlette\applications.py:113: in __call__
    await self.middleware_stack(scope, receive, send)
..\..\..\AppData\Roaming\Python\Python313\site-packages\starlette\middleware\errors.py:186: in __call__
    raise exc
..\..\..\AppData\Roaming\Python\Python313\site-packages\starlette\middleware\errors.py:164: in __call__
    await self.app(scope, receive, _send)
..\..\..\AppData\Roaming\Python\Python313\site-packages\starlette\middleware\cors.py:85: in __call__
    await self.app(scope, receive, send)
..\..\..\AppData\Roaming\Python\Python313\site-packages\starlette\middleware\base.py:182: in __call__
    with recv_stream, send_stream, collapse_excgroups():
                                   ^^^^^^^^^^^^^^^^^^^^
C:\Python313\Lib\contextlib.py:162: in __exit__
    self.gen.throw(value)
..\..\..\AppData\Roaming\Python\Python313\site-packages\starlette\_utils.py:85: in collapse_excgroups
    raise exc
..\..\..\AppData\Roaming\Python\Python313\site-packages\starlette\middleware\base.py:184: in __call__
    response = await self.dispatch_func(request, call_next)
               ^^^^^^^^^^^^^^^^^^^^^^^^^^^^^^^^^^^^^^^^^^^^
..\..\..\AppData\Roaming\Python\Python313\site-packages\slowapi\middleware.py:136: in dispatch
    response = await call_next(request)
               ^^^^^^^^^^^^^^^^^^^^^^^^
..\..\..\AppData\Roaming\Python\Python313\site-packages\starlette\middleware\base.py:159: in call_next
    raise app_exc
..\..\..\AppData\Roaming\Python\Python313\site-packages\starlette\middleware\base.py:144: in coro
    await self.app(scope, receive_or_disconnect, send_no_error)
..\..\..\AppData\Roaming\Python\Python313\site-packages\starlette\middleware\exceptions.py:63: in __call__
    await wrap_app_handling_exceptions(self.app, conn)(scope, receive, send)
..\..\..\AppData\Roaming\Python\Python313\site-packages\starlette\_exception_handler.py:53: in wrapped_app
    raise exc
..\..\..\AppData\Roaming\Python\Python313\site-packages\starlette\_exception_handler.py:42: in wrapped_app
    await app(scope, receive, sender)
..\..\..\AppData\Roaming\Python\Python313\site-packages\fastapi\middleware\asyncexitstack.py:18: in __call__
    await self.app(scope, receive, send)
..\..\..\AppData\Roaming\Python\Python313\site-packages\starlette\routing.py:716: in __call__
    await self.middleware_stack(scope, receive, send)
..\..\..\AppData\Roaming\Python\Python313\site-packages\starlette\routing.py:736: in app
    await route.handle(scope, receive, send)
..\..\..\AppData\Roaming\Python\Python313\site-packages\starlette\routing.py:290: in handle
    await self.app(scope, receive, send)
..\..\..\AppData\Roaming\Python\Python313\site-packages\fastapi\routing.py:123: in app
    await wrap_app_handling_exceptions(app, request)(scope, receive, send)
..\..\..\AppData\Roaming\Python\Python313\site-packages\starlette\_exception_handler.py:53: in wrapped_app
    raise exc
..\..\..\AppData\Roaming\Python\Python313\site-packages\starlette\_exception_handler.py:42: in wrapped_app
    await app(scope, receive, sender)
..\..\..\AppData\Roaming\Python\Python313\site-packages\fastapi\routing.py:109: in app
    response = await f(request)
               ^^^^^^^^^^^^^^^^
..\..\..\AppData\Roaming\Python\Python313\site-packages\fastapi\routing.py:387: in app
    raw_response = await run_endpoint_function(
..\..\..\AppData\Roaming\Python\Python313\site-packages\fastapi\routing.py:290: in run_endpoint_function
    return await run_in_threadpool(dependant.call, **values)
           ^^^^^^^^^^^^^^^^^^^^^^^^^^^^^^^^^^^^^^^^^^^^^^^^^
..\..\..\AppData\Roaming\Python\Python313\site-packages\starlette\concurrency.py:38: in run_in_threadpool
    return await anyio.to_thread.run_sync(func)
           ^^^^^^^^^^^^^^^^^^^^^^^^^^^^^^^^^^^^
..\..\..\AppData\Roaming\Python\Python313\site-packages\anyio\to_thread.py:56: in run_sync
    return await get_async_backend().run_sync_in_worker_thread(
..\..\..\AppData\Roaming\Python\Python313\site-packages\anyio\_backends\_asyncio.py:2485: in run_sync_in_worker_thread
    return await future
           ^^^^^^^^^^^^
..\..\..\AppData\Roaming\Python\Python313\site-packages\anyio\_backends\_asyncio.py:976: in run
    result = context.run(func, *args)
             ^^^^^^^^^^^^^^^^^^^^^^^^
..\..\..\AppData\Roaming\Python\Python313\site-packages\slowapi\extension.py:766: in sync_wrapper
    response = func(*args, **kwargs)
               ^^^^^^^^^^^^^^^^^^^^^
app\routers\tasks.py:65: in get_task
    Task.task_params['api_key_id'].astext == str(api_key.id)
    ^^^^^^^^^^^^^^^^^^^^^^^^^^^^^^^^^^^^^
_ _ _ _ _ _ _ _ _ _ _ _ _ _ _ _ _ _ _ _ _ _ _ _ _ _ _ _ _ _ _ _ _ _ _ _ _ _ _ _

self = <sqlalchemy.sql.elements.BinaryExpression object at 0x000002B208A66650>
key = 'astext'

    def __getattr__(self, key: str) -> Any:
        try:
            return getattr(self.comparator, key)
        except AttributeError as err:
>           raise AttributeError(
                "Neither %r object nor %r object has an attribute %r"
                % (
                    type(self).__name__,
                    type(self.comparator).__name__,
                    key,
                )
            ) from err
E           AttributeError: Neither 'BinaryExpression' object nor 'Comparator' object has an attribute 'astext'

..\..\..\AppData\Roaming\Python\Python313\site-packages\sqlalchemy\sql\elements.py:1519: AttributeError
___________________________ test_get_task_not_found ___________________________

self = <sqlalchemy.sql.elements.BinaryExpression object at 0x000002B208E795B0>
key = 'astext'

    def __getattr__(self, key: str) -> Any:
        try:
>           return getattr(self.comparator, key)
                   ^^^^^^^^^^^^^^^^^^^^^^^^^^^^^
E           AttributeError: 'Comparator' object has no attribute 'astext'

..\..\..\AppData\Roaming\Python\Python313\site-packages\sqlalchemy\sql\elements.py:1517: AttributeError

The above exception was the direct cause of the following exception:

client = <starlette.testclient.TestClient object at 0x000002B208A67BB0>

    def test_get_task_not_found(client: TestClient):
>       response = client.get("/tasks/non-existent-uuid")
                   ^^^^^^^^^^^^^^^^^^^^^^^^^^^^^^^^^^^^^^

tests\test_tasks.py:65: 
_ _ _ _ _ _ _ _ _ _ _ _ _ _ _ _ _ _ _ _ _ _ _ _ _ _ _ _ _ _ _ _ _ _ _ _ _ _ _ _
..\..\..\AppData\Roaming\Python\Python313\site-packages\starlette\testclient.py:479: in get
    return super().get(
..\..\..\AppData\Roaming\Python\Python313\site-packages\httpx\_client.py:1053: in get
    return self.request(
..\..\..\AppData\Roaming\Python\Python313\site-packages\starlette\testclient.py:451: in request
    return super().request(
..\..\..\AppData\Roaming\Python\Python313\site-packages\httpx\_client.py:825: in request
    return self.send(request, auth=auth, follow_redirects=follow_redirects)
           ^^^^^^^^^^^^^^^^^^^^^^^^^^^^^^^^^^^^^^^^^^^^^^^^^^^^^^^^^^^^^^^^
..\..\..\AppData\Roaming\Python\Python313\site-packages\httpx\_client.py:914: in send
    response = self._send_handling_auth(
..\..\..\AppData\Roaming\Python\Python313\site-packages\httpx\_client.py:942: in _send_handling_auth
    response = self._send_handling_redirects(
..\..\..\AppData\Roaming\Python\Python313\site-packages\httpx\_client.py:979: in _send_handling_redirects
    response = self._send_single_request(request)
               ^^^^^^^^^^^^^^^^^^^^^^^^^^^^^^^^^^
..\..\..\AppData\Roaming\Python\Python313\site-packages\httpx\_client.py:1014: in _send_single_request
    response = transport.handle_request(request)
               ^^^^^^^^^^^^^^^^^^^^^^^^^^^^^^^^^
..\..\..\AppData\Roaming\Python\Python313\site-packages\starlette\testclient.py:354: in handle_request
    raise exc
..\..\..\AppData\Roaming\Python\Python313\site-packages\starlette\testclient.py:351: in handle_request
    portal.call(self.app, scope, receive, send)
..\..\..\AppData\Roaming\Python\Python313\site-packages\anyio\from_thread.py:321: in call
    return cast(T_Retval, self.start_task_soon(func, *args).result())
                          ^^^^^^^^^^^^^^^^^^^^^^^^^^^^^^^^^^^^^^^^^^
C:\Python313\Lib\concurrent\futures\_base.py:456: in result
    return self.__get_result()
           ^^^^^^^^^^^^^^^^^^^
C:\Python313\Lib\concurrent\futures\_base.py:401: in __get_result
    raise self._exception
..\..\..\AppData\Roaming\Python\Python313\site-packages\anyio\from_thread.py:252: in _call_func
    retval = await retval_or_awaitable
             ^^^^^^^^^^^^^^^^^^^^^^^^^
..\..\..\AppData\Roaming\Python\Python313\site-packages\fastapi\applications.py:1133: in __call__
    await super().__call__(scope, receive, send)
..\..\..\AppData\Roaming\Python\Python313\site-packages\starlette\applications.py:113: in __call__
    await self.middleware_stack(scope, receive, send)
..\..\..\AppData\Roaming\Python\Python313\site-packages\starlette\middleware\errors.py:186: in __call__
    raise exc
..\..\..\AppData\Roaming\Python\Python313\site-packages\starlette\middleware\errors.py:164: in __call__
    await self.app(scope, receive, _send)
..\..\..\AppData\Roaming\Python\Python313\site-packages\starlette\middleware\cors.py:85: in __call__
    await self.app(scope, receive, send)
..\..\..\AppData\Roaming\Python\Python313\site-packages\starlette\middleware\base.py:182: in __call__
    with recv_stream, send_stream, collapse_excgroups():
                                   ^^^^^^^^^^^^^^^^^^^^
C:\Python313\Lib\contextlib.py:162: in __exit__
    self.gen.throw(value)
..\..\..\AppData\Roaming\Python\Python313\site-packages\starlette\_utils.py:85: in collapse_excgroups
    raise exc
..\..\..\AppData\Roaming\Python\Python313\site-packages\starlette\middleware\base.py:184: in __call__
    response = await self.dispatch_func(request, call_next)
               ^^^^^^^^^^^^^^^^^^^^^^^^^^^^^^^^^^^^^^^^^^^^
..\..\..\AppData\Roaming\Python\Python313\site-packages\slowapi\middleware.py:136: in dispatch
    response = await call_next(request)
               ^^^^^^^^^^^^^^^^^^^^^^^^
..\..\..\AppData\Roaming\Python\Python313\site-packages\starlette\middleware\base.py:159: in call_next
    raise app_exc
..\..\..\AppData\Roaming\Python\Python313\site-packages\starlette\middleware\base.py:144: in coro
    await self.app(scope, receive_or_disconnect, send_no_error)
..\..\..\AppData\Roaming\Python\Python313\site-packages\starlette\middleware\exceptions.py:63: in __call__
    await wrap_app_handling_exceptions(self.app, conn)(scope, receive, send)
..\..\..\AppData\Roaming\Python\Python313\site-packages\starlette\_exception_handler.py:53: in wrapped_app
    raise exc
..\..\..\AppData\Roaming\Python\Python313\site-packages\starlette\_exception_handler.py:42: in wrapped_app
    await app(scope, receive, sender)
..\..\..\AppData\Roaming\Python\Python313\site-packages\fastapi\middleware\asyncexitstack.py:18: in __call__
    await self.app(scope, receive, send)
..\..\..\AppData\Roaming\Python\Python313\site-packages\starlette\routing.py:716: in __call__
    await self.middleware_stack(scope, receive, send)
..\..\..\AppData\Roaming\Python\Python313\site-packages\starlette\routing.py:736: in app
    await route.handle(scope, receive, send)
..\..\..\AppData\Roaming\Python\Python313\site-packages\starlette\routing.py:290: in handle
    await self.app(scope, receive, send)
..\..\..\AppData\Roaming\Python\Python313\site-packages\fastapi\routing.py:123: in app
    await wrap_app_handling_exceptions(app, request)(scope, receive, send)
..\..\..\AppData\Roaming\Python\Python313\site-packages\starlette\_exception_handler.py:53: in wrapped_app
    raise exc
..\..\..\AppData\Roaming\Python\Python313\site-packages\starlette\_exception_handler.py:42: in wrapped_app
    await app(scope, receive, sender)
..\..\..\AppData\Roaming\Python\Python313\site-packages\fastapi\routing.py:109: in app
    response = await f(request)
               ^^^^^^^^^^^^^^^^
..\..\..\AppData\Roaming\Python\Python313\site-packages\fastapi\routing.py:387: in app
    raw_response = await run_endpoint_function(
..\..\..\AppData\Roaming\Python\Python313\site-packages\fastapi\routing.py:290: in run_endpoint_function
    return await run_in_threadpool(dependant.call, **values)
           ^^^^^^^^^^^^^^^^^^^^^^^^^^^^^^^^^^^^^^^^^^^^^^^^^
..\..\..\AppData\Roaming\Python\Python313\site-packages\starlette\concurrency.py:38: in run_in_threadpool
    return await anyio.to_thread.run_sync(func)
           ^^^^^^^^^^^^^^^^^^^^^^^^^^^^^^^^^^^^
..\..\..\AppData\Roaming\Python\Python313\site-packages\anyio\to_thread.py:56: in run_sync
    return await get_async_backend().run_sync_in_worker_thread(
..\..\..\AppData\Roaming\Python\Python313\site-packages\anyio\_backends\_asyncio.py:2485: in run_sync_in_worker_thread
    return await future
           ^^^^^^^^^^^^
..\..\..\AppData\Roaming\Python\Python313\site-packages\anyio\_backends\_asyncio.py:976: in run
    result = context.run(func, *args)
             ^^^^^^^^^^^^^^^^^^^^^^^^
..\..\..\AppData\Roaming\Python\Python313\site-packages\slowapi\extension.py:766: in sync_wrapper
    response = func(*args, **kwargs)
               ^^^^^^^^^^^^^^^^^^^^^
app\routers\tasks.py:65: in get_task
    Task.task_params['api_key_id'].astext == str(api_key.id)
    ^^^^^^^^^^^^^^^^^^^^^^^^^^^^^^^^^^^^^
_ _ _ _ _ _ _ _ _ _ _ _ _ _ _ _ _ _ _ _ _ _ _ _ _ _ _ _ _ _ _ _ _ _ _ _ _ _ _ _

self = <sqlalchemy.sql.elements.BinaryExpression object at 0x000002B208E795B0>
key = 'astext'

    def __getattr__(self, key: str) -> Any:
        try:
            return getattr(self.comparator, key)
        except AttributeError as err:
>           raise AttributeError(
                "Neither %r object nor %r object has an attribute %r"
                % (
                    type(self).__name__,
                    type(self.comparator).__name__,
                    key,
                )
            ) from err
E           AttributeError: Neither 'BinaryExpression' object nor 'Comparator' object has an attribute 'astext'

..\..\..\AppData\Roaming\Python\Python313\site-packages\sqlalchemy\sql\elements.py:1519: AttributeError
______________________________ test_delete_task _______________________________

self = <sqlalchemy.sql.elements.BinaryExpression object at 0x000002B208E7B950>
key = 'astext'

    def __getattr__(self, key: str) -> Any:
        try:
>           return getattr(self.comparator, key)
                   ^^^^^^^^^^^^^^^^^^^^^^^^^^^^^
E           AttributeError: 'Comparator' object has no attribute 'astext'

..\..\..\AppData\Roaming\Python\Python313\site-packages\sqlalchemy\sql\elements.py:1517: AttributeError

The above exception was the direct cause of the following exception:

client = <starlette.testclient.TestClient object at 0x000002B208E7AB10>
db_session = <sqlalchemy.orm.session.Session object at 0x000002B208E783E0>

    def test_delete_task(client: TestClient, db_session: Session):
        api_key = db_session.query(GlobalApiKey).first()
        task_uuid = str(uuid.uuid4())
        task_params = {"api_key_id": api_key.id}
    
        task = Task(
            uuid=task_uuid,
            status="pending",
            task_params=task_params
        )
        db_session.add(task)
        db_session.commit()
    
        # Delete
>       response = client.delete(f"/tasks/{task_uuid}")
                   ^^^^^^^^^^^^^^^^^^^^^^^^^^^^^^^^^^^^

tests\test_tasks.py:82: 
_ _ _ _ _ _ _ _ _ _ _ _ _ _ _ _ _ _ _ _ _ _ _ _ _ _ _ _ _ _ _ _ _ _ _ _ _ _ _ _
..\..\..\AppData\Roaming\Python\Python313\site-packages\starlette\testclient.py:641: in delete
    return super().delete(
..\..\..\AppData\Roaming\Python\Python313\site-packages\httpx\_client.py:1251: in delete
    return self.request(
..\..\..\AppData\Roaming\Python\Python313\site-packages\starlette\testclient.py:451: in request
    return super().request(
..\..\..\AppData\Roaming\Python\Python313\site-packages\httpx\_client.py:825: in request
    return self.send(request, auth=auth, follow_redirects=follow_redirects)
           ^^^^^^^^^^^^^^^^^^^^^^^^^^^^^^^^^^^^^^^^^^^^^^^^^^^^^^^^^^^^^^^^
..\..\..\AppData\Roaming\Python\Python313\site-packages\httpx\_client.py:914: in send
    response = self._send_handling_auth(
..\..\..\AppData\Roaming\Python\Python313\site-packages\httpx\_client.py:942: in _send_handling_auth
    response = self._send_handling_redirects(
..\..\..\AppData\Roaming\Python\Python313\site-packages\httpx\_client.py:979: in _send_handling_redirects
    response = self._send_single_request(request)
               ^^^^^^^^^^^^^^^^^^^^^^^^^^^^^^^^^^
..\..\..\AppData\Roaming\Python\Python313\site-packages\httpx\_client.py:1014: in _send_single_request
    response = transport.handle_request(request)
               ^^^^^^^^^^^^^^^^^^^^^^^^^^^^^^^^^
..\..\..\AppData\Roaming\Python\Python313\site-packages\starlette\testclient.py:354: in handle_request
    raise exc
..\..\..\AppData\Roaming\Python\Python313\site-packages\starlette\testclient.py:351: in handle_request
    portal.call(self.app, scope, receive, send)
..\..\..\AppData\Roaming\Python\Python313\site-packages\anyio\from_thread.py:321: in call
    return cast(T_Retval, self.start_task_soon(func, *args).result())
                          ^^^^^^^^^^^^^^^^^^^^^^^^^^^^^^^^^^^^^^^^^^
C:\Python313\Lib\concurrent\futures\_base.py:456: in result
    return self.__get_result()
           ^^^^^^^^^^^^^^^^^^^
C:\Python313\Lib\concurrent\futures\_base.py:401: in __get_result
    raise self._exception
..\..\..\AppData\Roaming\Python\Python313\site-packages\anyio\from_thread.py:252: in _call_func
    retval = await retval_or_awaitable
             ^^^^^^^^^^^^^^^^^^^^^^^^^
..\..\..\AppData\Roaming\Python\Python313\site-packages\fastapi\applications.py:1133: in __call__
    await super().__call__(scope, receive, send)
..\..\..\AppData\Roaming\Python\Python313\site-packages\starlette\applications.py:113: in __call__
    await self.middleware_stack(scope, receive, send)
..\..\..\AppData\Roaming\Python\Python313\site-packages\starlette\middleware\errors.py:186: in __call__
    raise exc
..\..\..\AppData\Roaming\Python\Python313\site-packages\starlette\middleware\errors.py:164: in __call__
    await self.app(scope, receive, _send)
..\..\..\AppData\Roaming\Python\Python313\site-packages\starlette\middleware\cors.py:85: in __call__
    await self.app(scope, receive, send)
..\..\..\AppData\Roaming\Python\Python313\site-packages\starlette\middleware\base.py:182: in __call__
    with recv_stream, send_stream, collapse_excgroups():
                                   ^^^^^^^^^^^^^^^^^^^^
C:\Python313\Lib\contextlib.py:162: in __exit__
    self.gen.throw(value)
..\..\..\AppData\Roaming\Python\Python313\site-packages\starlette\_utils.py:85: in collapse_excgroups
    raise exc
..\..\..\AppData\Roaming\Python\Python313\site-packages\starlette\middleware\base.py:184: in __call__
    response = await self.dispatch_func(request, call_next)
               ^^^^^^^^^^^^^^^^^^^^^^^^^^^^^^^^^^^^^^^^^^^^
..\..\..\AppData\Roaming\Python\Python313\site-packages\slowapi\middleware.py:136: in dispatch
    response = await call_next(request)
               ^^^^^^^^^^^^^^^^^^^^^^^^
..\..\..\AppData\Roaming\Python\Python313\site-packages\starlette\middleware\base.py:159: in call_next
    raise app_exc
..\..\..\AppData\Roaming\Python\Python313\site-packages\starlette\middleware\base.py:144: in coro
    await self.app(scope, receive_or_disconnect, send_no_error)
..\..\..\AppData\Roaming\Python\Python313\site-packages\starlette\middleware\exceptions.py:63: in __call__
    await wrap_app_handling_exceptions(self.app, conn)(scope, receive, send)
..\..\..\AppData\Roaming\Python\Python313\site-packages\starlette\_exception_handler.py:53: in wrapped_app
    raise exc
..\..\..\AppData\Roaming\Python\Python313\site-packages\starlette\_exception_handler.py:42: in wrapped_app
    await app(scope, receive, sender)
..\..\..\AppData\Roaming\Python\Python313\site-packages\fastapi\middleware\asyncexitstack.py:18: in __call__
    await self.app(scope, receive, send)
..\..\..\AppData\Roaming\Python\Python313\site-packages\starlette\routing.py:716: in __call__
    await self.middleware_stack(scope, receive, send)
..\..\..\AppData\Roaming\Python\Python313\site-packages\starlette\routing.py:736: in app
    await route.handle(scope, receive, send)
..\..\..\AppData\Roaming\Python\Python313\site-packages\starlette\routing.py:290: in handle
    await self.app(scope, receive, send)
..\..\..\AppData\Roaming\Python\Python313\site-packages\fastapi\routing.py:123: in app
    await wrap_app_handling_exceptions(app, request)(scope, receive, send)
..\..\..\AppData\Roaming\Python\Python313\site-packages\starlette\_exception_handler.py:53: in wrapped_app
    raise exc
..\..\..\AppData\Roaming\Python\Python313\site-packages\starlette\_exception_handler.py:42: in wrapped_app
    await app(scope, receive, sender)
..\..\..\AppData\Roaming\Python\Python313\site-packages\fastapi\routing.py:109: in app
    response = await f(request)
               ^^^^^^^^^^^^^^^^
..\..\..\AppData\Roaming\Python\Python313\site-packages\fastapi\routing.py:387: in app
    raw_response = await run_endpoint_function(
..\..\..\AppData\Roaming\Python\Python313\site-packages\fastapi\routing.py:290: in run_endpoint_function
    return await run_in_threadpool(dependant.call, **values)
           ^^^^^^^^^^^^^^^^^^^^^^^^^^^^^^^^^^^^^^^^^^^^^^^^^
..\..\..\AppData\Roaming\Python\Python313\site-packages\starlette\concurrency.py:38: in run_in_threadpool
    return await anyio.to_thread.run_sync(func)
           ^^^^^^^^^^^^^^^^^^^^^^^^^^^^^^^^^^^^
..\..\..\AppData\Roaming\Python\Python313\site-packages\anyio\to_thread.py:56: in run_sync
    return await get_async_backend().run_sync_in_worker_thread(
..\..\..\AppData\Roaming\Python\Python313\site-packages\anyio\_backends\_asyncio.py:2485: in run_sync_in_worker_thread
    return await future
           ^^^^^^^^^^^^
..\..\..\AppData\Roaming\Python\Python313\site-packages\anyio\_backends\_asyncio.py:976: in run
    result = context.run(func, *args)
             ^^^^^^^^^^^^^^^^^^^^^^^^
..\..\..\AppData\Roaming\Python\Python313\site-packages\slowapi\extension.py:766: in sync_wrapper
    response = func(*args, **kwargs)
               ^^^^^^^^^^^^^^^^^^^^^
app\routers\tasks.py:148: in delete_task
    Task.task_params['api_key_id'].astext == str(api_key.id)
    ^^^^^^^^^^^^^^^^^^^^^^^^^^^^^^^^^^^^^
_ _ _ _ _ _ _ _ _ _ _ _ _ _ _ _ _ _ _ _ _ _ _ _ _ _ _ _ _ _ _ _ _ _ _ _ _ _ _ _

self = <sqlalchemy.sql.elements.BinaryExpression object at 0x000002B208E7B950>
key = 'astext'

    def __getattr__(self, key: str) -> Any:
        try:
            return getattr(self.comparator, key)
        except AttributeError as err:
>           raise AttributeError(
                "Neither %r object nor %r object has an attribute %r"
                % (
                    type(self).__name__,
                    type(self.comparator).__name__,
                    key,
                )
            ) from err
E           AttributeError: Neither 'BinaryExpression' object nor 'Comparator' object has an attribute 'astext'

..\..\..\AppData\Roaming\Python\Python313\site-packages\sqlalchemy\sql\elements.py:1519: AttributeError
_____________________________ test_get_task_audio _____________________________

self = <sqlalchemy.sql.elements.BinaryExpression object at 0x000002B208EDC770>
key = 'astext'

    def __getattr__(self, key: str) -> Any:
        try:
>           return getattr(self.comparator, key)
                   ^^^^^^^^^^^^^^^^^^^^^^^^^^^^^
E           AttributeError: 'Comparator' object has no attribute 'astext'

..\..\..\AppData\Roaming\Python\Python313\site-packages\sqlalchemy\sql\elements.py:1517: AttributeError

The above exception was the direct cause of the following exception:

client = <starlette.testclient.TestClient object at 0x000002B2088B4710>
db_session = <sqlalchemy.orm.session.Session object at 0x000002B2088B68D0>
mock_s3 = <MagicMock id='2963670416560'>

    def test_get_task_audio(client: TestClient, db_session: Session, mock_s3):
        api_key = db_session.query(GlobalApiKey).first()
        task_uuid = str(uuid.uuid4())
        task_params = {"api_key_id": api_key.id}
    
        task = Task(
            uuid=task_uuid,
            status="completed",
            file_name="audio.mp3",
            url="users/audio.mp3",
            task_params=task_params
        )
        db_session.add(task)
        db_session.commit()
    
>       response = client.get(f"/tasks/{task_uuid}/audio")
                   ^^^^^^^^^^^^^^^^^^^^^^^^^^^^^^^^^^^^^^^

tests\test_tasks.py:104: 
_ _ _ _ _ _ _ _ _ _ _ _ _ _ _ _ _ _ _ _ _ _ _ _ _ _ _ _ _ _ _ _ _ _ _ _ _ _ _ _
..\..\..\AppData\Roaming\Python\Python313\site-packages\starlette\testclient.py:479: in get
    return super().get(
..\..\..\AppData\Roaming\Python\Python313\site-packages\httpx\_client.py:1053: in get
    return self.request(
..\..\..\AppData\Roaming\Python\Python313\site-packages\starlette\testclient.py:451: in request
    return super().request(
..\..\..\AppData\Roaming\Python\Python313\site-packages\httpx\_client.py:825: in request
    return self.send(request, auth=auth, follow_redirects=follow_redirects)
           ^^^^^^^^^^^^^^^^^^^^^^^^^^^^^^^^^^^^^^^^^^^^^^^^^^^^^^^^^^^^^^^^
..\..\..\AppData\Roaming\Python\Python313\site-packages\httpx\_client.py:914: in send
    response = self._send_handling_auth(
..\..\..\AppData\Roaming\Python\Python313\site-packages\httpx\_client.py:942: in _send_handling_auth
    response = self._send_handling_redirects(
..\..\..\AppData\Roaming\Python\Python313\site-packages\httpx\_client.py:979: in _send_handling_redirects
    response = self._send_single_request(request)
               ^^^^^^^^^^^^^^^^^^^^^^^^^^^^^^^^^^
..\..\..\AppData\Roaming\Python\Python313\site-packages\httpx\_client.py:1014: in _send_single_request
    response = transport.handle_request(request)
               ^^^^^^^^^^^^^^^^^^^^^^^^^^^^^^^^^
..\..\..\AppData\Roaming\Python\Python313\site-packages\starlette\testclient.py:354: in handle_request
    raise exc
..\..\..\AppData\Roaming\Python\Python313\site-packages\starlette\testclient.py:351: in handle_request
    portal.call(self.app, scope, receive, send)
..\..\..\AppData\Roaming\Python\Python313\site-packages\anyio\from_thread.py:321: in call
    return cast(T_Retval, self.start_task_soon(func, *args).result())
                          ^^^^^^^^^^^^^^^^^^^^^^^^^^^^^^^^^^^^^^^^^^
C:\Python313\Lib\concurrent\futures\_base.py:456: in result
    return self.__get_result()
           ^^^^^^^^^^^^^^^^^^^
C:\Python313\Lib\concurrent\futures\_base.py:401: in __get_result
    raise self._exception
..\..\..\AppData\Roaming\Python\Python313\site-packages\anyio\from_thread.py:252: in _call_func
    retval = await retval_or_awaitable
             ^^^^^^^^^^^^^^^^^^^^^^^^^
..\..\..\AppData\Roaming\Python\Python313\site-packages\fastapi\applications.py:1133: in __call__
    await super().__call__(scope, receive, send)
..\..\..\AppData\Roaming\Python\Python313\site-packages\starlette\applications.py:113: in __call__
    await self.middleware_stack(scope, receive, send)
..\..\..\AppData\Roaming\Python\Python313\site-packages\starlette\middleware\errors.py:186: in __call__
    raise exc
..\..\..\AppData\Roaming\Python\Python313\site-packages\starlette\middleware\errors.py:164: in __call__
    await self.app(scope, receive, _send)
..\..\..\AppData\Roaming\Python\Python313\site-packages\starlette\middleware\cors.py:85: in __call__
    await self.app(scope, receive, send)
..\..\..\AppData\Roaming\Python\Python313\site-packages\starlette\middleware\base.py:182: in __call__
    with recv_stream, send_stream, collapse_excgroups():
                                   ^^^^^^^^^^^^^^^^^^^^
C:\Python313\Lib\contextlib.py:162: in __exit__
    self.gen.throw(value)
..\..\..\AppData\Roaming\Python\Python313\site-packages\starlette\_utils.py:85: in collapse_excgroups
    raise exc
..\..\..\AppData\Roaming\Python\Python313\site-packages\starlette\middleware\base.py:184: in __call__
    response = await self.dispatch_func(request, call_next)
               ^^^^^^^^^^^^^^^^^^^^^^^^^^^^^^^^^^^^^^^^^^^^
..\..\..\AppData\Roaming\Python\Python313\site-packages\slowapi\middleware.py:136: in dispatch
    response = await call_next(request)
               ^^^^^^^^^^^^^^^^^^^^^^^^
..\..\..\AppData\Roaming\Python\Python313\site-packages\starlette\middleware\base.py:159: in call_next
    raise app_exc
..\..\..\AppData\Roaming\Python\Python313\site-packages\starlette\middleware\base.py:144: in coro
    await self.app(scope, receive_or_disconnect, send_no_error)
..\..\..\AppData\Roaming\Python\Python313\site-packages\starlette\middleware\exceptions.py:63: in __call__
    await wrap_app_handling_exceptions(self.app, conn)(scope, receive, send)
..\..\..\AppData\Roaming\Python\Python313\site-packages\starlette\_exception_handler.py:53: in wrapped_app
    raise exc
..\..\..\AppData\Roaming\Python\Python313\site-packages\starlette\_exception_handler.py:42: in wrapped_app
    await app(scope, receive, sender)
..\..\..\AppData\Roaming\Python\Python313\site-packages\fastapi\middleware\asyncexitstack.py:18: in __call__
    await self.app(scope, receive, send)
..\..\..\AppData\Roaming\Python\Python313\site-packages\starlette\routing.py:716: in __call__
    await self.middleware_stack(scope, receive, send)
..\..\..\AppData\Roaming\Python\Python313\site-packages\starlette\routing.py:736: in app
    await route.handle(scope, receive, send)
..\..\..\AppData\Roaming\Python\Python313\site-packages\starlette\routing.py:290: in handle
    await self.app(scope, receive, send)
..\..\..\AppData\Roaming\Python\Python313\site-packages\fastapi\routing.py:123: in app
    await wrap_app_handling_exceptions(app, request)(scope, receive, send)
..\..\..\AppData\Roaming\Python\Python313\site-packages\starlette\_exception_handler.py:53: in wrapped_app
    raise exc
..\..\..\AppData\Roaming\Python\Python313\site-packages\starlette\_exception_handler.py:42: in wrapped_app
    await app(scope, receive, sender)
..\..\..\AppData\Roaming\Python\Python313\site-packages\fastapi\routing.py:109: in app
    response = await f(request)
               ^^^^^^^^^^^^^^^^
..\..\..\AppData\Roaming\Python\Python313\site-packages\fastapi\routing.py:387: in app
    raw_response = await run_endpoint_function(
..\..\..\AppData\Roaming\Python\Python313\site-packages\fastapi\routing.py:288: in run_endpoint_function
    return await dependant.call(**values)
           ^^^^^^^^^^^^^^^^^^^^^^^^^^^^^^
..\..\..\AppData\Roaming\Python\Python313\site-packages\slowapi\extension.py:734: in async_wrapper
    response = await func(*args, **kwargs)  # type: ignore
               ^^^^^^^^^^^^^^^^^^^^^^^^^^^
app\routers\tasks.py:102: in get_task_audio
    Task.task_params['api_key_id'].astext == str(api_key.id)
    ^^^^^^^^^^^^^^^^^^^^^^^^^^^^^^^^^^^^^
_ _ _ _ _ _ _ _ _ _ _ _ _ _ _ _ _ _ _ _ _ _ _ _ _ _ _ _ _ _ _ _ _ _ _ _ _ _ _ _

self = <sqlalchemy.sql.elements.BinaryExpression object at 0x000002B208EDC770>
key = 'astext'

    def __getattr__(self, key: str) -> Any:
        try:
            return getattr(self.comparator, key)
        except AttributeError as err:
>           raise AttributeError(
                "Neither %r object nor %r object has an attribute %r"
                % (
                    type(self).__name__,
                    type(self.comparator).__name__,
                    key,
                )
            ) from err
E           AttributeError: Neither 'BinaryExpression' object nor 'Comparator' object has an attribute 'astext'

..\..\..\AppData\Roaming\Python\Python313\site-packages\sqlalchemy\sql\elements.py:1519: AttributeError
============================== warnings summary ===============================
..\..\..\AppData\Roaming\Python\Python313\site-packages\pydantic\_internal\_config.py:323
..\..\..\AppData\Roaming\Python\Python313\site-packages\pydantic\_internal\_config.py:323
..\..\..\AppData\Roaming\Python\Python313\site-packages\pydantic\_internal\_config.py:323
..\..\..\AppData\Roaming\Python\Python313\site-packages\pydantic\_internal\_config.py:323
..\..\..\AppData\Roaming\Python\Python313\site-packages\pydantic\_internal\_config.py:323
..\..\..\AppData\Roaming\Python\Python313\site-packages\pydantic\_internal\_config.py:323
..\..\..\AppData\Roaming\Python\Python313\site-packages\pydantic\_internal\_config.py:323
..\..\..\AppData\Roaming\Python\Python313\site-packages\pydantic\_internal\_config.py:323
..\..\..\AppData\Roaming\Python\Python313\site-packages\pydantic\_internal\_config.py:323
  C:\Users\agustin.bouzon\AppData\Roaming\Python\Python313\site-packages\pydantic\_internal\_config.py:323: PydanticDeprecatedSince20: Support for class-based `config` is deprecated, use ConfigDict instead. Deprecated in Pydantic V2.0 to be removed in V3.0. See Pydantic V2 Migration Guide at https://errors.pydantic.dev/2.11/migration/
    warnings.warn(DEPRECATION_MESSAGE, DeprecationWarning)

..\..\..\AppData\Roaming\Python\Python313\site-packages\pydantic\_internal\_config.py:373
..\..\..\AppData\Roaming\Python\Python313\site-packages\pydantic\_internal\_config.py:373
  C:\Users\agustin.bouzon\AppData\Roaming\Python\Python313\site-packages\pydantic\_internal\_config.py:373: UserWarning: Valid config keys have changed in V2:
  * 'orm_mode' has been renamed to 'from_attributes'
    warnings.warn(message, UserWarning)

app\schemas\anura.py:82
  C:\Users\agustin.bouzon\Documents\Build_AuditorIA-Enviroment\External-API-Service\app\schemas\anura.py:82: PydanticDeprecatedSince20: Pydantic V1 style `@validator` validators are deprecated. You should migrate to Pydantic V2 style `@field_validator` validators, see the migration guide for more details. Deprecated in Pydantic V2.0 to be removed in V3.0. See Pydantic V2 Migration Guide at https://errors.pydantic.dev/2.11/migration/
    @validator('hooktrigger')

app\schemas\anura.py:90
  C:\Users\agustin.bouzon\Documents\Build_AuditorIA-Enviroment\External-API-Service\app\schemas\anura.py:90: PydanticDeprecatedSince20: Pydantic V1 style `@validator` validators are deprecated. You should migrate to Pydantic V2 style `@field_validator` validators, see the migration guide for more details. Deprecated in Pydantic V2.0 to be removed in V3.0. See Pydantic V2 Migration Guide at https://errors.pydantic.dev/2.11/migration/
    @validator('dialtime')

tests/test_tasks.py: 14 warnings
  C:\Users\agustin.bouzon\AppData\Roaming\Python\Python313\site-packages\sqlalchemy\sql\schema.py:3624: DeprecationWarning: datetime.datetime.utcnow() is deprecated and scheduled for removal in a future version. Use timezone-aware objects to represent datetimes in UTC: datetime.datetime.now(datetime.UTC).
    return util.wrap_callable(lambda ctx: fn(), fn)  # type: ignore

-- Docs: https://docs.pytest.org/en/stable/how-to/capture-warnings.html
=========================== short test summary info ===========================
FAILED tests/test_tasks.py::test_list_tasks_empty - AttributeError: Neither '...
FAILED tests/test_tasks.py::test_list_tasks_with_data - AttributeError: Neith...
FAILED tests/test_tasks.py::test_get_task_detail - AttributeError: Neither 'B...
FAILED tests/test_tasks.py::test_get_task_not_found - AttributeError: Neither...
FAILED tests/test_tasks.py::test_delete_task - AttributeError: Neither 'Binar...
FAILED tests/test_tasks.py::test_get_task_audio - AttributeError: Neither 'Bi...
======================= 6 failed, 27 warnings in 2.11s ========================
